// Jest Snapshot v1, https://goo.gl/fbAQLP

exports[`android Picker snapshot 1`] = `
<WheelCurvedPicker
  itemSpace={20}
  itemStyle={null}
  onValueChange={[Function]}
  selectedValue={1}
  style={
    Array [
      Object {
        "backgroundColor": "#d3d3d3",
        "height": 220,
      },
      null,
    ]
  }
  textColor="#333"
  textSize={26}
>
  <Item
    key="0"
    label="1"
    value={1}
  />
  <Item
    key="1"
    label="2"
    value={2}
  />
  <Item
    key="2"
    label="3"
    value={3}
  />
  <Item
    key="3"
    label="4"
    value={4}
  />
  <Item
    key="4"
    label="5"
    value={5}
  />
  <Item
    key="5"
    label="6"
    value={6}
  />
</WheelCurvedPicker>
`;
